main.c:115:5:main	8	static
main.c:203:6:SystemClock_Config	104	static
main.c:256:13:MX_I2C1_Init	8	static
main.c:290:13:MX_I2S3_Init	8	static
main.c:324:13:MX_RTC_Init	8	static
main.c:358:13:MX_SPI1_Init	8	static
main.c:396:13:MX_TIM1_Init	32	static
main.c:442:13:MX_USART2_UART_Init	8	static
main.c:475:13:MX_USART3_UART_Init	8	static
main.c:508:13:MX_USB_OTG_FS_HCD_Init	8	static
main.c:539:13:MX_GPIO_Init	56	static
main.c:627:13:my_accelero_init	8	static
main.c:643:6:StartDefaultTask	16	static
main.c:661:6:AccelerometerTask	88	static
main.c:692:6:BeaconTask	48	static
main.c:712:6:Error_Handler	4	static
