main.c:115:5:main	8	static
main.c:201:6:SystemClock_Config	104	static
main.c:254:13:MX_I2C1_Init	8	static
main.c:288:13:MX_I2S3_Init	8	static
main.c:322:13:MX_RTC_Init	8	static
main.c:356:13:MX_SPI1_Init	8	static
main.c:394:13:MX_TIM1_Init	32	static
main.c:440:13:MX_USART2_UART_Init	8	static
main.c:473:13:MX_USART3_UART_Init	8	static
main.c:506:13:MX_GPIO_Init	56	static
main.c:608:6:my_accelero_init	8	static
main.c:626:6:StartDefaultTask	16	static
main.c:644:6:AccelerometerTask	88	static
main.c:673:6:BeaconTask	48	static
main.c:691:6:Error_Handler	4	static
