main.c:133:5:main	8	static
main.c:226:6:SystemClock_Config	104	static
main.c:279:13:MX_I2C1_Init	8	static
main.c:313:13:MX_I2S3_Init	8	static
main.c:347:13:MX_IWDG_Init	8	static
main.c:375:13:MX_RTC_Init	32	static
main.c:437:13:MX_SPI1_Init	8	static
main.c:475:13:MX_TIM1_Init	32	static
main.c:521:13:MX_USART2_UART_Init	8	static
main.c:554:13:MX_GPIO_Init	56	static
main.c:666:6:StartIDLETask	16	static
main.c:684:6:StartTask02	56	static
main.c:717:6:StartTask03	56	static
main.c:740:6:StartIWDGTask04	32	static
main.c:769:6:StartLoRaSETTask05	120	static
main.c:799:6:Error_Handler	4	static
